// Jest Snapshot v1, https://goo.gl/fbAQLP

exports[`<AppContainer /> renders 1`] = `ShallowWrapper {}`;
