// Jest Snapshot v1, https://goo.gl/fbAQLP

exports[`<Forecasts /> renders 1`] = `
ShallowWrapper {
  Symbol(enzyme.__root__): [Circular],
  Symbol(enzyme.__unrendered__): <Forecasts
    forecasts={
      Object {
        "city": Object {
          "country": "GB",
          "name": "Aberdeen",
        },
        "list": Array [
          Object {
            "dt_txt": "2019-01-01 21:00:00",
            "main": Object {
              "temp": 4.61,
            },
            "weather": Array [
              Object {
                "description": "clear sky",
                "main": "Clear",
              },
            ],
          },
        ],
      }
    }
  />,
  Symbol(enzyme.__renderer__): Object {
    "batchedUpdates": [Function],
    "getNode": [Function],
    "render": [Function],
    "simulateError": [Function],
    "simulateEvent": [Function],
    "unmount": [Function],
  },
  Symbol(enzyme.__node__): Object {
    "instance": null,
    "key": undefined,
    "nodeType": "host",
    "props": Object {
      "children": Array [
        <h2
          className="section-title"
        >
          Forecasts 
          <em>
            for
          </em>
           
          Aberdeen
        </h2>,
        <div
          className="forecasts l-panels l-panels@small l-panels@medium l-panels@large"
        >
          <Day
            item={
              Object {
                "dt_txt": "2019-01-01 21:00:00",
                "main": Object {
                  "temp": 4.61,
                },
                "weather": Array [
                  Object {
                    "description": "clear sky",
                    "main": "Clear",
                  },
                ],
              }
            }
          />
        </div>,
      ],
    },
    "ref": null,
    "rendered": Array [
      Object {
        "instance": null,
        "key": undefined,
        "nodeType": "host",
        "props": Object {
          "children": Array [
            "Forecasts ",
            <em>
              for
            </em>,
            " ",
            "Aberdeen",
          ],
          "className": "section-title",
        },
        "ref": null,
        "rendered": Array [
          "Forecasts ",
          Object {
            "instance": null,
            "key": undefined,
            "nodeType": "host",
            "props": Object {
              "children": "for",
            },
            "ref": null,
            "rendered": "for",
            "type": "em",
          },
          " ",
          "Aberdeen",
        ],
        "type": "h2",
      },
      Object {
        "instance": null,
        "key": undefined,
        "nodeType": "host",
        "props": Object {
          "children": Array [
            <Day
              item={
                Object {
                  "dt_txt": "2019-01-01 21:00:00",
                  "main": Object {
                    "temp": 4.61,
                  },
                  "weather": Array [
                    Object {
                      "description": "clear sky",
                      "main": "Clear",
                    },
                  ],
                }
              }
            />,
          ],
          "className": "forecasts l-panels l-panels@small l-panels@medium l-panels@large",
        },
        "ref": null,
        "rendered": Array [
          Object {
            "instance": null,
            "key": "0",
            "nodeType": "function",
            "props": Object {
              "item": Object {
                "dt_txt": "2019-01-01 21:00:00",
                "main": Object {
                  "temp": 4.61,
                },
                "weather": Array [
                  Object {
                    "description": "clear sky",
                    "main": "Clear",
                  },
                ],
              },
            },
            "ref": null,
            "rendered": null,
            "type": [Function],
          },
        ],
        "type": "div",
      },
    ],
    "type": "section",
  },
  Symbol(enzyme.__nodes__): Array [
    Object {
      "instance": null,
      "key": undefined,
      "nodeType": "host",
      "props": Object {
        "children": Array [
          <h2
            className="section-title"
          >
            Forecasts 
            <em>
              for
            </em>
             
            Aberdeen
          </h2>,
          <div
            className="forecasts l-panels l-panels@small l-panels@medium l-panels@large"
          >
            <Day
              item={
                Object {
                  "dt_txt": "2019-01-01 21:00:00",
                  "main": Object {
                    "temp": 4.61,
                  },
                  "weather": Array [
                    Object {
                      "description": "clear sky",
                      "main": "Clear",
                    },
                  ],
                }
              }
            />
          </div>,
        ],
      },
      "ref": null,
      "rendered": Array [
        Object {
          "instance": null,
          "key": undefined,
          "nodeType": "host",
          "props": Object {
            "children": Array [
              "Forecasts ",
              <em>
                for
              </em>,
              " ",
              "Aberdeen",
            ],
            "className": "section-title",
          },
          "ref": null,
          "rendered": Array [
            "Forecasts ",
            Object {
              "instance": null,
              "key": undefined,
              "nodeType": "host",
              "props": Object {
                "children": "for",
              },
              "ref": null,
              "rendered": "for",
              "type": "em",
            },
            " ",
            "Aberdeen",
          ],
          "type": "h2",
        },
        Object {
          "instance": null,
          "key": undefined,
          "nodeType": "host",
          "props": Object {
            "children": Array [
              <Day
                item={
                  Object {
                    "dt_txt": "2019-01-01 21:00:00",
                    "main": Object {
                      "temp": 4.61,
                    },
                    "weather": Array [
                      Object {
                        "description": "clear sky",
                        "main": "Clear",
                      },
                    ],
                  }
                }
              />,
            ],
            "className": "forecasts l-panels l-panels@small l-panels@medium l-panels@large",
          },
          "ref": null,
          "rendered": Array [
            Object {
              "instance": null,
              "key": "0",
              "nodeType": "function",
              "props": Object {
                "item": Object {
                  "dt_txt": "2019-01-01 21:00:00",
                  "main": Object {
                    "temp": 4.61,
                  },
                  "weather": Array [
                    Object {
                      "description": "clear sky",
                      "main": "Clear",
                    },
                  ],
                },
              },
              "ref": null,
              "rendered": null,
              "type": [Function],
            },
          ],
          "type": "div",
        },
      ],
      "type": "section",
    },
  ],
  Symbol(enzyme.__options__): Object {
    "adapter": ReactSixteenAdapter {
      "options": Object {
        "enableComponentDidUpdateOnSetState": true,
        "lifecycles": Object {
          "componentDidUpdate": Object {
            "onSetState": true,
          },
          "getDerivedStateFromProps": true,
          "getSnapshotBeforeUpdate": true,
          "setState": Object {
            "skipsComponentDidUpdateOnNullish": true,
          },
        },
      },
    },
  },
}
`;
