// Jest Snapshot v1, https://goo.gl/fbAQLP

exports[`helper.js should do what I like 1`] = `"cold"`;
